Test\Pupil::__set_state(/* #b44f */ [
	'id' => '12',
	'name' => 'peter',
	'surname' => 'dud\'e',
	'grade' => '4a',
	'birth' => 2000,
])
